ÔÜá [8711/8814] Replayed Problems.Ostrowski.NP.Recurrence
warning: Problems/Ostrowski/NP/Recurrence.lean:70:12: This simp argument is unused:
  Nat.add_assoc

Hint: Omit it from the simp argument list.
  [apply] simp [Nat.add_comm, Nat.add_left_comm] at h8 h0 hB hC Ôèó

Note: This linter can be disabled with `set_option linter.unusedSimpArgs false`
warning: Problems/Ostrowski/NP/Recurrence.lean:160:12: This simp argument is unused:
  Nat.add_assoc

Hint: Omit it from the simp argument list.
  [apply] simp [Nat.add_comm, Nat.add_left_comm] at h24 h0 hA' hB hC Ôèó

Note: This linter can be disabled with `set_option linter.unusedSimpArgs false`
ÔÜá [8712/8814] Replayed Problems.Ostrowski.NP.Energy
warning: Problems/Ostrowski/NP/Energy.lean:260:52: This simp argument is unused:
  q_rec

Hint: Omit it from the simp argument list.
  [apply] simp [adjointDet, tripleDet, adjointU, qShift, q]

Note: This linter can be disabled with `set_option linter.unusedSimpArgs false`
ÔÜá [8719/8830] Replayed Problems.Engine.PiecewiseCensus
warning: Problems/Engine/PiecewiseCensus.lean:27:30: This simp argument is unused:
  hne

Hint: Omit it from the simp argument list.
  [apply] simp [hiddenCongruenceA, h]

Note: This linter can be disabled with `set_option linter.unusedSimpArgs false`
ÔÜá [8759/8830] Replayed Problems.Juggler.LeftoverFamilies
warning: Problems/Juggler/LeftoverFamilies.lean:1629:4: exponent 38 exceeds the threshold 16, exponentiation operation was not evaluated, use `set_option exponentiation.threshold <num>` to set a new threshold
warning: Problems/Juggler/LeftoverFamilies.lean:1684:6: exponent 38 exceeds the threshold 16, exponentiation operation was not evaluated, use `set_option exponentiation.threshold <num>` to set a new threshold
warning: Problems/Juggler/LeftoverFamilies.lean:1905:6: exponent 38 exceeds the threshold 16, exponentiation operation was not evaluated, use `set_option exponentiation.threshold <num>` to set a new threshold
warning: Problems/Juggler/LeftoverFamilies.lean:2923:45: try 'simp' instead of 'simpa'

Note: This linter can be disabled with `set_option linter.unnecessarySimpa false`
ÔÜá [8765/8830] Replayed Problems.Juggler.CycleFinance
warning: Problems/Juggler/CycleFinance.lean:102:2: `push_neg` has been deprecated. Prefer using `push Not` instead.
If you'd rather continue using `push_neg` in your project, you can implement it as follows:
```
open Lean.Parser.Tactic in
macro "push_neg" cfg:optConfig loc:(location)? : tactic =>
  `(tactic| push $cfg:optConfig Not $[$loc]?)
```
warning: Problems/Juggler/CycleFinance.lean:328:4: `push_neg` has been deprecated. Prefer using `push Not` instead.
If you'd rather continue using `push_neg` in your project, you can implement it as follows:
```
open Lean.Parser.Tactic in
macro "push_neg" cfg:optConfig loc:(location)? : tactic =>
  `(tactic| push $cfg:optConfig Not $[$loc]?)
```
warning: Problems/Juggler/CycleFinance.lean:350:4: `push_neg` has been deprecated. Prefer using `push Not` instead.
If you'd rather continue using `push_neg` in your project, you can implement it as follows:
```
open Lean.Parser.Tactic in
macro "push_neg" cfg:optConfig loc:(location)? : tactic =>
  `(tactic| push $cfg:optConfig Not $[$loc]?)
```
warning: Problems/Juggler/CycleFinance.lean:372:4: `push_neg` has been deprecated. Prefer using `push Not` instead.
If you'd rather continue using `push_neg` in your project, you can implement it as follows:
```
open Lean.Parser.Tactic in
macro "push_neg" cfg:optConfig loc:(location)? : tactic =>
  `(tactic| push $cfg:optConfig Not $[$loc]?)
```
warning: Problems/Juggler/CycleFinance.lean:394:4: `push_neg` has been deprecated. Prefer using `push Not` instead.
If you'd rather continue using `push_neg` in your project, you can implement it as follows:
```
open Lean.Parser.Tactic in
macro "push_neg" cfg:optConfig loc:(location)? : tactic =>
  `(tactic| push $cfg:optConfig Not $[$loc]?)
```
warning: Problems/Juggler/CycleFinance.lean:416:4: `push_neg` has been deprecated. Prefer using `push Not` instead.
If you'd rather continue using `push_neg` in your project, you can implement it as follows:
```
open Lean.Parser.Tactic in
macro "push_neg" cfg:optConfig loc:(location)? : tactic =>
  `(tactic| push $cfg:optConfig Not $[$loc]?)
```
warning: Problems/Juggler/CycleFinance.lean:446:2: `push_neg` has been deprecated. Prefer using `push Not` instead.
If you'd rather continue using `push_neg` in your project, you can implement it as follows:
```
open Lean.Parser.Tactic in
macro "push_neg" cfg:optConfig loc:(location)? : tactic =>
  `(tactic| push $cfg:optConfig Not $[$loc]?)
```
ÔÜá [8770/8830] Replayed Problems.Collatz.Lift
warning: Problems/Collatz/Lift.lean:72:35: This simp argument is unused:
  Nat.add_assoc

Hint: Omit it from the simp argument list.
  [apply] simp [Finset.sum_range_succ, Nat.add_comm, Nat.add_left_comm]

Note: This linter can be disabled with `set_option linter.unusedSimpArgs false`
ÔÜá [8775/8830] Replayed Representation.Words
info: Representation/Words.lean:111:6: Try this:
  [apply] ring_nf
  
  The `ring` tactic failed to close the goal. Use `ring_nf` to obtain a normal form.
    
  Note that `ring` works primarily in *commutative* rings. If you have a noncommutative ring, abelian group or module, consider using `noncomm_ring`, `abel` or `module` instead.
warning: Representation/Words.lean:158:51: This simp argument is unused:
  List.dropWhile

Hint: Omit it from the simp argument list.
  [apply] simp [List.replicate_succ, dropLeadingZeros, ih]

Note: This linter can be disabled with `set_option linter.unusedSimpArgs false`
warning: Representation/Words.lean:158:67: This simp argument is unused:
  ih

Hint: Omit it from the simp argument list.
  [apply] simp [List.replicate_succ, dropLeadingZeros, List.dropWhile]

Note: This linter can be disabled with `set_option linter.unusedSimpArgs false`
ÔÜá [8776/8830] Replayed Operators.Shift
warning: Operators/Shift.lean:21:12: This simp argument is unused:
  Trit.negate_negate

Hint: Omit it from the simp argument list.
  [apply] simp [ih]

Note: This linter can be disabled with `set_option linter.unusedSimpArgs false`
ÔÜá [8777/8830] Replayed Operators.DigitDerivative
warning: Operators/DigitDerivative.lean:45:28: This simp argument is unused:
  dropLast_snoc

Hint: Omit it from the simp argument list.
  [apply] simp [dropLSD, shiftWord]

Note: This linter can be disabled with `set_option linter.unusedSimpArgs false`
warning: Operators/DigitDerivative.lean:60:25: This simp argument is unused:
  map_dropLast

Hint: Omit it from the simp argument list.
  [apply] simp [dropLSD, mapNeg]

Note: This linter can be disabled with `set_option linter.unusedSimpArgs false`
ÔÜá [8779/8830] Replayed BTCalculus.Derivative
warning: BTCalculus/Derivative.lean:44:10: This simp argument is unused:
  Int.emod_emod

Hint: Omit it from the simp argument list.
  [apply] simp

Note: This linter can be disabled with `set_option linter.unusedSimpArgs false`
warning: BTCalculus/Derivative.lean:86:10: This simp argument is unused:
  Int.mul_emod_left

Hint: Omit it from the simp argument list.
  [apply] simp

Note: This linter can be disabled with `set_option linter.unusedSimpArgs false`
ÔÜá [8780/8830] Replayed BTCalculus.Integral
warning: BTCalculus/Integral.lean:21:37: This simp argument is unused:
  Int.mul_emod_left

Hint: Omit it from the simp argument list.
  [apply] simp

Note: This linter can be disabled with `set_option linter.unusedSimpArgs false`
ÔÜá [8781/8830] Replayed BTCalculus.Normalization
warning: BTCalculus/Normalization.lean:67:41: This simp argument is unused:
  add_left_comm

Hint: Omit it from the simp argument list.
  [apply] simp [addHead, coeffValue, add_comm, add_assoc]

Note: This linter can be disabled with `set_option linter.unusedSimpArgs false`
warning: BTCalculus/Normalization.lean:252:10: This simp argument is unused:
  irreducible

Hint: Omit it from the simp argument list.
  [apply] simp [getCoeff, isTrit]

Note: This linter can be disabled with `set_option linter.unusedSimpArgs false`
ÔÜá [8787/8830] Replayed BTCalculus.Algebra
warning: BTCalculus/Algebra.lean:101:20: This simp argument is unused:
  Int.emod_emod

Hint: Omit it from the simp argument list.
  [apply] simp

Note: This linter can be disabled with `set_option linter.unusedSimpArgs false`
ÔÜá [8788/8830] Replayed Problems.BalancedTernary.DAddResidual
warning: Problems/BalancedTernary/DAddResidual.lean:73:20: This simp argument is unused:
  l11

Hint: Omit it from the simp argument list.
  [apply] simp [d1, d0, dm, l0m, h2, hm1] at h11 h0m

Note: This linter can be disabled with `set_option linter.unusedSimpArgs false`
warning: Problems/BalancedTernary/DAddResidual.lean:73:25: This simp argument is unused:
  l0m

Hint: Omit it from the simp argument list.
  [apply] simp [d1, d0, dm, l11, h2, hm1] at h11 h0m

Note: This linter can be disabled with `set_option linter.unusedSimpArgs false`
warning: Problems/BalancedTernary/DAddResidual.lean:73:30: This simp argument is unused:
  h2

Hint: Omit it from the simp argument list.
  [apply] simp [d1, d0, dm, l11, l0m, hm1] at h11 h0m

Note: This linter can be disabled with `set_option linter.unusedSimpArgs false`
warning: Problems/BalancedTernary/DAddResidual.lean:73:34: This simp argument is unused:
  hm1

Hint: Omit it from the simp argument list.
  [apply] simp [d1, d0, dm, l11, l0m, h2] at h11 h0m

Note: This linter can be disabled with `set_option linter.unusedSimpArgs false`
ÔÜá [8789/8830] Replayed Problems.BalancedTernary.SignedDigitResidual
warning: Problems/BalancedTernary/SignedDigitResidual.lean:94:12: This simp argument is unused:
  Nat.pred_succ

Hint: Omit it from the simp argument list.
  [apply] simp at hs h3 Ôèó

Note: This linter can be disabled with `set_option linter.unusedSimpArgs false`
ÔÜá [8791/8830] Replayed Problems.BalancedTernary.SignedDigitResidualGeometry
warning: Problems/BalancedTernary/SignedDigitResidualGeometry.lean:155:14: This simp argument is unused:
  Nat.pred_succ

Hint: Omit it from the simp argument list.
  [apply] simp at h

Note: This linter can be disabled with `set_option linter.unusedSimpArgs false`
ÔÜá [8793/8830] Replayed Problems.BalancedTernary.SignedDigitResidualMinimality
warning: Problems/BalancedTernary/SignedDigitResidualMinimality.lean:198:42: `Nat.succ_le` has been deprecated: Use `Nat.succ_le_iff` instead
ÔÜá [8794/8830] Replayed Problems.BalancedTernary.SignedDigitConstrainedControls
warning: Problems/BalancedTernary/SignedDigitConstrainedControls.lean:56:44: `Nat.succ_le` has been deprecated: Use `Nat.succ_le_iff` instead
ÔÜá [8795/8830] Replayed Problems.BalancedTernary.SignedDigitShortHorizon
warning: Problems/BalancedTernary/SignedDigitShortHorizon.lean:19:28: This simp argument is unused:
  List.take_cons

Hint: Omit it from the simp argument list.
  [apply] simp [signedTrace_cons]

Note: This linter can be disabled with `set_option linter.unusedSimpArgs false`
Ô£ö [8801/8830] Built Problems.Juggler.Minimal (21s)
Ô£ö [8802/8830] Built Problems.Juggler.GlobalDefect (22s)
Ô£ö [8803/8830] Built Problems.Juggler.O7EEEEGap (22s)
Ô£ö [8804/8830] Built Problems.Juggler.PrefixTwoEven (22s)
Ô£ö [8805/8830] Built Problems.Juggler.MinimalClosure (21s)
Ô£ö [8806/8830] Built Problems.Juggler.Scale (21s)
ÔÜá [8807/8830] Built Problems.Juggler.DefectLowerBound (24s)
warning: Problems/Juggler/DefectLowerBound.lean:273:4: try 'simp' instead of 'simpa'

Note: This linter can be disabled with `set_option linter.unnecessarySimpa false`
warning: Problems/Juggler/DefectLowerBound.lean:449:25: This simp argument is unused:
  accumulatedDefect

Hint: Omit it from the simp argument list.
  [apply] simp [image]

Note: This linter can be disabled with `set_option linter.unusedSimpArgs false`
warning: Problems/Juggler/DefectLowerBound.lean:738:36: This simp argument is unused:
  branchDefect

Hint: Omit it from the simp argument list.
  [apply] simp [globalDefect, ooeWord, accumulatedDefect, accumulateOdd, powGap_zero_addend, powGap_one]

Note: This linter can be disabled with `set_option linter.unusedSimpArgs false`
warning: Problems/Juggler/DefectLowerBound.lean:767:4: try 'simp' instead of 'simpa'

Note: This linter can be disabled with `set_option linter.unnecessarySimpa false`
warning: Problems/Juggler/DefectLowerBound.lean:771:10: This simp argument is unused:
  Function.iterate_one

Hint: Omit it from the simp argument list.
  [apply] simp

Note: This linter can be disabled with `set_option linter.unusedSimpArgs false`
Ô£ö [8808/8830] Built Problems.Juggler.PrefixBunched (24s)
Ô£ö [8809/8830] Built Problems.Juggler.CycleExtrema (21s)
Ô£ö [8810/8830] Built Problems.Juggler.Residuals (19s)
Ô£ö [8811/8830] Built Problems.Juggler.Cycles (25s)
Ô£ö [8812/8830] Built Problems.Juggler.CycleDiophantine (25s)
Ô£ö [8813/8830] Built Problems.Juggler.ExpandingGrammar (25s)
Ô£ö [8814/8830] Built Problems.Juggler.PreimageCylinders (25s)
Ô£ö [8815/8830] Built Problems.Juggler.NormalizedDefect (26s)
