ÔÜá [3073/3148] Replayed Problems.Juggler.LeftoverFamilies
warning: Problems/Juggler/LeftoverFamilies.lean:1629:4: exponent 38 exceeds the threshold 16, exponentiation operation was not evaluated, use `set_option exponentiation.threshold <num>` to set a new threshold
warning: Problems/Juggler/LeftoverFamilies.lean:1684:6: exponent 38 exceeds the threshold 16, exponentiation operation was not evaluated, use `set_option exponentiation.threshold <num>` to set a new threshold
warning: Problems/Juggler/LeftoverFamilies.lean:1905:6: exponent 38 exceeds the threshold 16, exponentiation operation was not evaluated, use `set_option exponentiation.threshold <num>` to set a new threshold
warning: Problems/Juggler/LeftoverFamilies.lean:2923:45: try 'simp' instead of 'simpa'

Note: This linter can be disabled with `set_option linter.unnecessarySimpa false`
Ô£û [3148/3148] Building Problems.Juggler.CycleFinance (25s)
trace: .> LEAN_PATH=C:\Users\phili\Desktop\balanced_ternary\formal\.lake\packages\Cli\.lake\build\lib\lean;C:\Users\phili\Desktop\balanced_ternary\formal\.lake\packages\batteries\.lake\build\lib\lean;C:\Users\phili\Desktop\balanced_ternary\formal\.lake\packages\Qq\.lake\build\lib\lean;C:\Users\phili\Desktop\balanced_ternary\formal\.lake\packages\aesop\.lake\build\lib\lean;C:\Users\phili\Desktop\balanced_ternary\formal\.lake\packages\proofwidgets\.lake\build\lib\lean;C:\Users\phili\Desktop\balanced_ternary\formal\.lake\packages\importGraph\.lake\build\lib\lean;C:\Users\phili\Desktop\balanced_ternary\formal\.lake\packages\LeanSearchClient\.lake\build\lib\lean;C:\Users\phili\Desktop\balanced_ternary\formal\.lake\packages\plausible\.lake\build\lib\lean;C:\Users\phili\Desktop\balanced_ternary\formal\.lake\packages\mathlib\.lake\build\lib\lean;C:\Users\phili\Desktop\balanced_ternary\formal\.lake\build\lib\lean c:\Users\phili\.elan\toolchains\leanprover--lean4---v4.33.0\bin\lean.exe C:\Users\phili\Desktop\balanced_ternary\formal\Problems\Juggler\CycleFinance.lean -o C:\Users\phili\Desktop\balanced_ternary\formal\.lake\build\lib\lean\Problems\Juggler\CycleFinance.olean -i C:\Users\phili\Desktop\balanced_ternary\formal\.lake\build\lib\lean\Problems\Juggler\CycleFinance.ilean -c C:\Users\phili\Desktop\balanced_ternary\formal\.lake\build\ir\Problems\Juggler\CycleFinance.c --setup C:\Users\phili\Desktop\balanced_ternary\formal\.lake\build\ir\Problems\Juggler\CycleFinance.setup.json --json
warning: Problems/Juggler/CycleFinance.lean:102:2: `push_neg` has been deprecated. Prefer using `push Not` instead.
If you'd rather continue using `push_neg` in your project, you can implement it as follows:
```
open Lean.Parser.Tactic in
macro "push_neg" cfg:optConfig loc:(location)? : tactic =>
  `(tactic| push $cfg:optConfig Not $[$loc]?)
```
error: Problems/Juggler/CycleFinance.lean:177:12: Type mismatch
  add_le_add_right hs2 ?m.687
has type
  ?m.687 + 2 ^ k * Real.log Ôåæ(floorPower^[k] n) Ôëñ
    ?m.687 + (2 ^ (k + 1) * Real.log Ôåæ(floorPower^[k + 1] n) + 2 ^ (k + 1) / Ôåæ(floorPower^[k + 1] n))
but is expected to have type
  2 ^ k * Real.log Ôåæ(floorPower^[k] n) + Ôåæk * 3 ^ oddCount (List.take k w) / Ôåæn Ôëñ
    2 ^ (k + 1) * Real.log Ôåæ(floorPower^[k + 1] n) + 2 ^ (k + 1) / Ôåæ(floorPower^[k + 1] n) +
      Ôåæk * 3 ^ oddCount (List.take k w) / Ôåæn
error: Problems/Juggler/CycleFinance.lean:218:12: Type mismatch
  add_le_add_right hs2 ?m.1288
has type
  ?m.1288 + 2 ^ k * (3 * Real.log Ôåæ(floorPower^[k] n)) Ôëñ
    ?m.1288 + (2 ^ (k + 1) * Real.log Ôåæ(floorPower^[k + 1] n) + 2 ^ (k + 1) / Ôåæ(floorPower^[k + 1] n))
but is expected to have type
  2 ^ k * (3 * Real.log Ôåæ(floorPower^[k] n)) + Ôåæk * (3 * 3 ^ oddCount (List.take k w)) / Ôåæn Ôëñ
    2 ^ (k + 1) * Real.log Ôåæ(floorPower^[k + 1] n) + 2 ^ (k + 1) / Ôåæ(floorPower^[k + 1] n) +
      Ôåæk * (3 * 3 ^ oddCount (List.take k w)) / Ôåæn
warning: Problems/Juggler/CycleFinance.lean:328:4: `push_neg` has been deprecated. Prefer using `push Not` instead.
If you'd rather continue using `push_neg` in your project, you can implement it as follows:
```
open Lean.Parser.Tactic in
macro "push_neg" cfg:optConfig loc:(location)? : tactic =>
  `(tactic| push $cfg:optConfig Not $[$loc]?)
```
warning: Problems/Juggler/CycleFinance.lean:350:4: `push_neg` has been deprecated. Prefer using `push Not` instead.
If you'd rather continue using `push_neg` in your project, you can implement it as follows:
```
open Lean.Parser.Tactic in
macro "push_neg" cfg:optConfig loc:(location)? : tactic =>
  `(tactic| push $cfg:optConfig Not $[$loc]?)
```
warning: Problems/Juggler/CycleFinance.lean:372:4: `push_neg` has been deprecated. Prefer using `push Not` instead.
If you'd rather continue using `push_neg` in your project, you can implement it as follows:
```
open Lean.Parser.Tactic in
macro "push_neg" cfg:optConfig loc:(location)? : tactic =>
  `(tactic| push $cfg:optConfig Not $[$loc]?)
```
warning: Problems/Juggler/CycleFinance.lean:394:4: `push_neg` has been deprecated. Prefer using `push Not` instead.
If you'd rather continue using `push_neg` in your project, you can implement it as follows:
```
open Lean.Parser.Tactic in
macro "push_neg" cfg:optConfig loc:(location)? : tactic =>
  `(tactic| push $cfg:optConfig Not $[$loc]?)
```
warning: Problems/Juggler/CycleFinance.lean:416:4: `push_neg` has been deprecated. Prefer using `push Not` instead.
If you'd rather continue using `push_neg` in your project, you can implement it as follows:
```
open Lean.Parser.Tactic in
macro "push_neg" cfg:optConfig loc:(location)? : tactic =>
  `(tactic| push $cfg:optConfig Not $[$loc]?)
```
warning: Problems/Juggler/CycleFinance.lean:446:2: `push_neg` has been deprecated. Prefer using `push Not` instead.
If you'd rather continue using `push_neg` in your project, you can implement it as follows:
```
open Lean.Parser.Tactic in
macro "push_neg" cfg:optConfig loc:(location)? : tactic =>
  `(tactic| push $cfg:optConfig Not $[$loc]?)
```
error: Lean exited with code 1
error: build failed
Some required targets logged failures:
- Problems.Juggler.CycleFinance
